   Compiling runtime-infrastructure v0.2.0 (C:\Users\Notebook\Documents\Remote Desktop Controller\crates\infrastructure)
warning: function `NtSetSecurityObject` is never used
    --> crates\infrastructure\src\files.rs:1166:12
     |
1166 |         fn NtSetSecurityObject(
     |            ^^^^^^^^^^^^^^^^^^^
     |
     = note: `#[warn(dead_code)]` (part of `#[warn(unused)]`) on by default

warning: function `RtlNtStatusToDosError` is never used
    --> crates\infrastructure\src\files.rs:1171:12
     |
1171 |         fn RtlNtStatusToDosError(status: i32) -> u32;
     |            ^^^^^^^^^^^^^^^^^^^^^

warning: `runtime-infrastructure` (lib test) generated 2 warnings
    Finished `test` profile [unoptimized] target(s) in 24.67s
     Running unittests src\lib.rs (target\debug\deps\runtime_infrastructure-45c4ab8de550127d.exe)

running 1 test

thread 'files::integrity_tests::legacy_unprotected_dacl_survives_without_added_parent_aces' (9024) panicked at crates\infrastructure\src\files.rs:1378:14:
called `Result::unwrap()` on an `Err` value: Tool("metadata restoration verification failed: DACL differs (size 264 -> 500, control 0x8004 -> 0x8404)")
note: run with `RUST_BACKTRACE=1` environment variable to display a backtrace
test files::integrity_tests::legacy_unprotected_dacl_survives_without_added_parent_aces ... FAILED

failures:

failures:
    files::integrity_tests::legacy_unprotected_dacl_survives_without_added_parent_aces

test result: FAILED. 0 passed; 1 failed; 0 ignored; 0 measured; 12 filtered out; finished in 0.02s

error: test failed, to rerun pass `-p runtime-infrastructure --lib`
