   Compiling windows-sys v0.61.2
   Compiling serde_core v1.0.229
   Compiling lazy_static v1.5.1
   Compiling serde v1.0.229
   Compiling cc v1.5.1
   Compiling zerocopy v0.8.59
   Compiling bindgen v0.66.1
   Compiling bytes v1.12.1
   Compiling cmake v0.1.58
   Compiling tracing-core v0.1.36
   Compiling futures-sink v0.3.34
   Compiling futures-channel v0.3.34
   Compiling libsql-ffi v0.9.30
   Compiling socket2 v0.6.5
   Compiling mio v1.2.3
   Compiling getrandom v0.2.17
   Compiling futures-util v0.3.34
   Compiling ppv-lite86 v0.2.21
   Compiling rand_core v0.6.4
   Compiling tokio v1.53.1
   Compiling log v0.4.34
   Compiling tracing-log v0.2.0
   Compiling tracing v0.1.44
   Compiling tokio-stream v0.1.19
   Compiling futures-executor v0.3.34
   Compiling rand_chacha v0.3.1
   Compiling nu-ansi-term v0.50.3
   Compiling sharded-slab v0.1.7
   Compiling thread_local v1.1.10
   Compiling tempfile v3.27.0
   Compiling tracing-subscriber v0.3.23
   Compiling rand v0.8.8
   Compiling libsql-sys v0.9.30
   Compiling futures v0.3.34
   Compiling tokio-test v0.4.6
   Compiling libsql v0.9.30 (C:\Users\Notebook\Documents\Remote Desktop Controller\.bootstrap\libsql-regression)
warning: hiding a lifetime that's elided elsewhere is confusing
   --> ..\..\vendor\libsql\src\local\statement.rs:342:20
    |
342 |     pub fn columns(&self) -> Vec<Column> {
    |                    ^^^^^         ^^^^^^ the same lifetime is hidden here
    |                    |
    |                    the lifetime is elided here
    |
    = help: the same lifetime is referred to in inconsistent ways, making the signature confusing
    = note: `#[warn(mismatched_lifetime_syntaxes)]` on by default
help: use `'_` for type paths
    |
342 |     pub fn columns(&self) -> Vec<Column<'_>> {
    |                                        ++++

warning: hiding a lifetime that's elided elsewhere is confusing
   --> ..\..\vendor\libsql\src\local\impls.rs:163:16
    |
163 |     fn columns(&self) -> Vec<Column> {
    |                ^^^^^         ^^^^^^ the same lifetime is hidden here
    |                |
    |                the lifetime is elided here
    |
    = help: the same lifetime is referred to in inconsistent ways, making the signature confusing
help: use `'_` for type paths
    |
163 |     fn columns(&self) -> Vec<Column<'_>> {
    |                                    ++++

warning: hiding a lifetime that's elided elsewhere is confusing
  --> ..\..\vendor\libsql\src\statement.rs:27:16
   |
27 |     fn columns(&self) -> Vec<Column>;
   |                ^^^^^         ^^^^^^ the same lifetime is hidden here
   |                |
   |                the lifetime is elided here
   |
   = help: the same lifetime is referred to in inconsistent ways, making the signature confusing
help: use `'_` for type paths
   |
27 |     fn columns(&self) -> Vec<Column<'_>>;
   |                                    ++++

warning: hiding a lifetime that's elided elsewhere is confusing
   --> ..\..\vendor\libsql\src\statement.rs:106:20
    |
106 |     pub fn columns(&self) -> Vec<Column> {
    |                    ^^^^^         ^^^^^^ the same lifetime is hidden here
    |                    |
    |                    the lifetime is elided here
    |
    = help: the same lifetime is referred to in inconsistent ways, making the signature confusing
help: use `'_` for type paths
    |
106 |     pub fn columns(&self) -> Vec<Column<'_>> {
    |                                        ++++

warning: `libsql` (lib test) generated 4 warnings (run `cargo fix --lib -p libsql --tests` to apply 4 suggestions)
    Finished `test` profile [unoptimized] target(s) in 2m 10s
     Running unittests ..\..\vendor\libsql\src\lib.rs (target\debug\deps\libsql-0decbb5cc00f637a.exe)

running 1 test

thread 'local::connection::tests::disconnect_is_idempotent_and_clears_closed_handle' (13168) panicked at ..\..\vendor\libsql\src\local\connection.rs:833:13:
disconnect left a dangling handle
note: run with `RUST_BACKTRACE=1` environment variable to display a backtrace
test local::connection::tests::disconnect_is_idempotent_and_clears_closed_handle ... FAILED

failures:

failures:
    local::connection::tests::disconnect_is_idempotent_and_clears_closed_handle

test result: FAILED. 0 passed; 1 failed; 0 ignored; 0 measured; 3 filtered out; finished in 0.00s

error: test failed, to rerun pass `--lib`
