   Compiling local-daemon v0.2.0 (C:\Users\Notebook\Documents\Remote Desktop Controller\apps\local-daemon)
    Finished `test` profile [unoptimized] target(s) in 19.59s
     Running unittests src\main.rs (target\debug\deps\local_daemon-5da74bdcb32775dd.exe)

running 4 tests
test host::tests::preserves_and_backups_configuration ... ok
test install::tests::rejects_hash_before_copy ... ok
test install::tests::install_verified_uninstall_preserves_state ... ok
test install::tests::failed_update_preserves_verified_active_release ... ok

test result: ok. 4 passed; 0 failed; 0 ignored; 0 measured; 0 filtered out; finished in 0.10s

     Running tests\lifecycle.rs (target\debug\deps\lifecycle-d496b540557cfdfd.exe)

running 1 test
Uninstall scheduled after this executable exits; result: \\?\C:\Users\Notebook\AppData\Local\Temp\.tmpMJeF6d\profile\uninstall-status.json
test installed_connect_bootstraps_real_daemon_and_mcp ... ok

test result: ok. 1 passed; 0 failed; 0 ignored; 0 measured; 0 filtered out; finished in 25.35s

     Running unittests src\main.rs (target\debug\deps\mcp_gateway-b809ff0a4137d01c.exe)

running 0 tests

test result: ok. 0 passed; 0 failed; 0 ignored; 0 measured; 0 filtered out; finished in 0.00s

     Running unittests src\lib.rs (target\debug\deps\runtime_application-e3fea398b0da2004.exe)

running 0 tests

test result: ok. 0 passed; 0 failed; 0 ignored; 0 measured; 0 filtered out; finished in 0.00s

     Running unittests src\lib.rs (target\debug\deps\runtime_domain-d4d38d19ce24c758.exe)

running 2 tests
test tests::terminal_operations_cannot_restart ... ok
test tests::policy_never_grants_unlisted_capability ... ok

test result: ok. 2 passed; 0 failed; 0 ignored; 0 measured; 0 filtered out; finished in 0.00s

     Running unittests src\lib.rs (target\debug\deps\runtime_infrastructure-8c56030680314d3f.exe)

running 12 tests
test files::integrity_tests::named_stream_is_rejected_without_losing_either_stream ... ok
test files::integrity_tests::guarded_deletion_restores_binary_and_timestamp ... ok
test files::integrity_tests::preparation_rejects_external_binary_writer ... ok
test files::integrity_tests::hidden_attribute_and_native_dacl_survive_atomic_replacement ... ok
test files::integrity_tests::guarded_binary_rollback_preserves_content_and_metadata ... ok
test files::integrity_tests::rollback_rejects_external_writer_without_mutating_other_files ... ok
test storage::snapshot_metadata_tests::legacy_snapshot_json_decodes_without_metadata ... ok
test processes::process_spool::tests::crash_between_data_sync_and_metadata_commit_preserves_bytes ... ok
test storage::snapshot_metadata_tests::metadata_and_guard_roundtrip_through_infrastructure_dto ... ok
test processes::process_spool::tests::capture_is_durable_before_process_exit_and_quota_is_explicit ... ok
test tools::tests::poisoned_workspace_is_checked_under_mutation_lock ... ok
test maintenance::tests::retention_backs_up_terminal_spool_and_preserves_running_spool ... ok

test result: ok. 12 passed; 0 failed; 0 ignored; 0 measured; 0 filtered out; finished in 0.43s

     Running tests\context_maintenance.rs (target\debug\deps\context_maintenance-d53dd15ef7bbabd0.exe)

running 7 tests
test backup_preserves_spools_and_never_overwrites_destination ... ok
test backup_reopens_and_retention_preserves_prepared_and_workspace ... ok
test process_rollups_use_real_metrics_and_raw_references ... ok
test unicode_budget_never_splits_codepoint ... ok
test query_options_change_selection_and_cache ... ok
test only_old_rolled_back_terminal_checkpoints_are_retained_out ... ok
test selected_task_precedes_unrelated_failure ... ok

test result: ok. 7 passed; 0 failed; 0 ignored; 0 measured; 0 filtered out; finished in 0.51s

     Running tests\kernel.rs (target\debug\deps\kernel-07f955be17ac8865.exe)

running 13 tests
test case_variant_cannot_modify_ignore_policy ... ok
test cancellation_does_not_hide_cleanup_failure ... ok
test cancellation_after_commit_preserves_successful_result ... ok
test duplicate_mutation_executes_once_and_conflicting_payload_is_rejected ... ok
test binary_checkpoint_and_raw_event_are_restorable ... ok
test checkpoint_rollback_restores_existing_and_removes_created_files ... ok
test policy_and_payload_validation_fail_closed ... ok
test explicit_snapshot_rolls_back_only_recorded_runtime_changes ... ok
test partial_batch_failure_restores_earlier_files ... ok
test restart_restores_prepared_journal_and_marks_interrupted_operation ... ok
test rollback_refuses_external_changes_and_preserves_their_bytes ... ok
test versioned_context_never_reuses_pre_mutation_projection ... ok
test rust_ast_query_and_git_read_tools_are_real ... ok

test result: ok. 13 passed; 0 failed; 0 ignored; 0 measured; 0 filtered out; finished in 2.74s

     Running unittests src\lib.rs (target\debug\deps\runtime_ports-217a1ef9ab7406d4.exe)

running 0 tests

test result: ok. 0 passed; 0 failed; 0 ignored; 0 measured; 0 filtered out; finished in 0.00s

     Running unittests src\lib.rs (target\debug\deps\runtime_protocol-e9c613444e38dca7.exe)

running 0 tests

test result: ok. 0 passed; 0 failed; 0 ignored; 0 measured; 0 filtered out; finished in 0.00s

     Running unittests src\lib.rs (target\debug\deps\runtime_transport-8e2b72c9ce8b1135.exe)

running 0 tests

test result: ok. 0 passed; 0 failed; 0 ignored; 0 measured; 0 filtered out; finished in 0.00s

